// Jest Snapshot v1, https://goo.gl/fbAQLP

exports[`<AbsoluteBox /> Render must match regular() 1`] = `
<div>
  <div
    class="absolute-box"
  >
    <h1>
      Absolute Box
    </h1>
    <div
      class="container"
    >
      <div
        class="default"
      >
        BEFORE
      </div>
      <div
        class="box before"
      >
        ABSOLUTE BEFORE
      </div>
      <div
        class="box"
      >
        ↑ 
        <br />
         Top 
        <br />
         ← Left       Right → 
        <br />
         Bottom 
        <br />
         ↓
         
      </div>
      <div
        class="box after"
      >
        ABSOLUTE AFTER
      </div>
      <div
        class="default"
      >
        AFTER
      </div>
    </div>
  </div>
</div>
`;
