// Jest Snapshot v1, https://goo.gl/fbAQLP

exports[`<VisualInheritance /> Render must match regular() 1`] = `
<div>
  <div
    class="visual-inheritance"
  >
    <h1>
      Visual Inheritance
    </h1>
    <div>
      <p>
        <label>
          <span>
            - This span is nested inside a label, a paragraph, and a division. 
            <br />
            - The division is assigned a background color, padding and a border. 
            <br />
            - Since the span, label, and paragraph default to a transparent background color and have no border, they "visually inherit" the background, padding, and border of the division. 
            <br />
            - Once you assign a background to an element, it no longer visually inherits the background of its parentâ€”like this 
            <code>
              &lt;code&gt;
            </code>
             element.
            <code>
              &lt;code&gt;
            </code>
             element.
          </span>
        </label>
      </p>
    </div>
  </div>
</div>
`;
