// Jest Snapshot v1, https://goo.gl/fbAQLP

exports[`<AttributeSelectors /> Render must match regular() 1`] = `
<div>
  <div
    class="attribute-selectors"
  >
    <h1>
      Attribute Selectors
    </h1>
    <p>
      This is a paragraph without the 
      <code>
        title
      </code>
       attribute.
    </p>
    <p
      title="Second"
    >
      <code>
        p[title]
      </code>
       selects all paragraphs containing a title attribute.
    </p>
    <p
      title="Third paragraph"
    >
      <code>
        p[title~="paragraph"]
      </code>
       selects all paragraphs with a title attribute containing the word,
       
      <code>
        paragraph
      </code>
      .
    </p>
    <p
      title="#4   paragraph"
    >
      <code>
        p[title="#4 paragraph"]
      </code>
       selects all paragraphs with a title attribute containing the exact text,
       
      <code>
        #4 paragraph
      </code>
      . Matches are case sensitive and must match letter-for-letter including whitespace.
    </p>
    <a
      href="http://www.example.com"
      hreflang="en-GB"
      rel="noreferrer"
      target="_blank"
    >
      hello
    </a>
  </div>
</div>
`;
