// Jest Snapshot v1, https://goo.gl/fbAQLP

exports[`<HTMLWhitespace /> Render must match regular() 1`] = `
<div>
  <div
    class="html-whitespace"
  >
    <h1>
      HTML Whitespace
    </h1>
    <p>
       
      start middle     
      <span>
         
      </span>
       
      <span />
      end
       
    </p>
    <h2>
      Controlling Where Whitespace Collapses
    </h2>
    <p>
      start
      <span
        class="border"
      >
         middle 
      </span>
       end
      <em>
        —inside element
      </em>
    </p>
    <p>
      start 
      <span
        class="border"
      >
         middle
      </span>
       end
      <em>
        —outside element
      </em>
    </p>
    <h2>
      Embedding Whitespace Inside Tags
    </h2>
    <p>
      start
      <span
        class="spaced"
      >
        middle
      </span>
      end
    </p>
    <h2>
      Embedding Space Entities
    </h2>
    <code>
      &zwnj; 
    </code>
    <span
      class="border"
    >
      ‌
    </span>
      
    <code>
      &thinsp; 
    </code>
    <span
      class="border"
    >
       
    </span>
      
    <code>
      &nbsp; 
    </code>
    <span
      class="border"
    >
       
    </span>
      
    <code>
      &ensp; 
    </code>
    <span
      class="border"
    >
       
    </span>
      
    <code>
      &emsp; 
    </code>
    <span
      class="border"
    >
       
    </span>
      
  </div>
</div>
`;
